// Jest Snapshot v1, https://goo.gl/fbAQLP

exports[`test card list component 1`] = `
<div>
  <Card
    email="yeomandeveloper@gmail.com"
    id={1}
    key="0"
    name="Steven"
  />
</div>
`;
